[{"id":1416,"name":"Meti","amount":0,"area":"BC 3","status":"pending","created_at":"2026-09-25T07:02:51.000000Z","updated_at":"2026-09-25T07:02:51.000000Z","paket":"INTERNET HEBAT 20 MBPS","register_date":"2026-09-25","status_pelanggan":"Booking","suspend_start_date":null,"suspend_end_date":null,"stop_date":null,"alamat":"Jl. Ciboyong","last_paid_date":null,"base_amount":130000,"last_paid_by":null,"promise_date":null,"prorata_amount":null,"sales_id":31,"coordinate":"-6.963900, 106.707023","foto_ktp":"ktp\/CTVcJ7pkH8wnSog1zfCBUKmn3wuMu4uMxqXF8EjU.jpg","installation_fee":0,"no_wa":"085798525659","is_partial_payment":0,"keterangan_status":null,"kecamatan":"Bantargadung","desa_kelurahan":"Boyongsari","rt_rw":"02\/03","phone":"085798525659","address":"Jl. Ciboyong"},{"id":1417,"name":"Irwan irawan","amount":130000,"area":"BC 3","status":"pending","created_at":"2026-09-25T08:46:42.000000Z","updated_at":"2026-09-25T13:04:32.000000Z","paket":"INTERNET HEBAT 20 MBPS","register_date":"2026-09-25","status_pelanggan":"Booking","suspend_start_date":null,"suspend_end_date":null,"stop_date":null,"alamat":"Jln pelabuhan ratu km 29","last_paid_date":null,"base_amount":130000,"last_paid_by":null,"promise_date":null,"prorata_amount":26000,"sales_id":10,"coordinate":"-6.974428, 106.725733","foto_ktp":null,"installation_fee":0,"no_wa":"085863480604","is_partial_payment":0,"keterangan_status":null,"kecamatan":"Warungkiarq","desa_kelurahan":"Warungkiara","rt_rw":"01\/07","phone":"085863480604","address":"Jln pelabuhan ratu km 29"},{"id":1418,"name":"Komariah","amount":0,"area":"BC 3","status":"pending","created_at":"2026-09-25T11:36:55.000000Z","updated_at":"2026-09-25T11:36:55.000000Z","paket":"INTERNET HEBAT 20 MBPS","register_date":"2026-09-25","status_pelanggan":"Booking","suspend_start_date":null,"suspend_end_date":null,"stop_date":null,"alamat":"Kp. Gempol belakang masjid","last_paid_date":null,"base_amount":130000,"last_paid_by":null,"promise_date":null,"prorata_amount":null,"sales_id":13,"coordinate":"-6.980854, 106.704224","foto_ktp":"ktp\/g2rTSBtkX7QimnRKoUFcCD2EVM8oX9TFjOOM8jPy.jpg","installation_fee":0,"no_wa":"085894867277","is_partial_payment":0,"keterangan_status":null,"kecamatan":"Warungkiara","desa_kelurahan":"Warungkiara","rt_rw":"02\/02","phone":"085894867277","address":"Kp. Gempol belakang masjid"},{"id":1419,"name":"Misjanudin","amount":0,"area":"BC 3","status":"pending","created_at":"2026-09-25T11:39:19.000000Z","updated_at":"2026-09-25T11:39:19.000000Z","paket":"INTERNET HEBAT 20 MBPS","register_date":"2026-09-25","status_pelanggan":"Booking","suspend_start_date":null,"suspend_end_date":null,"stop_date":null,"alamat":"jl nyomplong dekat pondok pesantren","last_paid_date":null,"base_amount":130000,"last_paid_by":null,"promise_date":null,"prorata_amount":null,"sales_id":22,"coordinate":"-7.006550, 106.680801","foto_ktp":"ktp\/Za55mG9MJ2GXB2M4ZeAvNl0hpaoaeaWbKFGMs5kR.jpg","installation_fee":0,"no_wa":"+62 858-6317-4559","is_partial_payment":0,"keterangan_status":null,"kecamatan":"warungkiara","desa_kelurahan":"hegarmanah","rt_rw":"01\/02","phone":"+62 858-6317-4559","address":"jl nyomplong dekat pondok pesantren"},{"id":1420,"name":"Karina","amount":130000,"area":"BC 3","status":"pending","created_at":"2026-09-25T14:00:07.000000Z","updated_at":"2026-09-26T00:19:29.000000Z","paket":"INTERNET HEBAT 20 MBPS","register_date":"2026-09-25","status_pelanggan":"Booking","suspend_start_date":null,"suspend_end_date":null,"stop_date":null,"alamat":"Kp. Cilimus","last_paid_date":null,"base_amount":130000,"last_paid_by":null,"promise_date":null,"prorata_amount":26000,"sales_id":33,"coordinate":"-7.003215,106.695030","foto_ktp":null,"installation_fee":0,"no_wa":"+62 857-2372-5148","is_partial_payment":0,"keterangan_status":null,"kecamatan":"Warungkiata suakabumi","desa_kelurahan":"Tarisi","rt_rw":"04\/01","phone":"+62 857-2372-5148","address":"Kp. Cilimus"},{"id":1421,"name":"JUJU","amount":0,"area":"BC 3","status":"pending","created_at":"2026-09-25T23:40:46.000000Z","updated_at":"2026-09-25T23:40:46.000000Z","paket":"INTERNET HEBAT 20 MBPS","register_date":"2026-09-25","status_pelanggan":"Booking","suspend_start_date":null,"suspend_end_date":null,"stop_date":null,"alamat":"PONDOK SATE MARANGGI PAK AJO","last_paid_date":null,"base_amount":130000,"last_paid_by":null,"promise_date":null,"prorata_amount":null,"sales_id":9,"coordinate":"-6,9795317, 106,7155333","foto_ktp":"ktp\/ccvrFHoTSXqE2WBPtXoISiS3gdrW05jIg83eVSSb.jpg","installation_fee":0,"no_wa":"089665411050","is_partial_payment":0,"keterangan_status":null,"kecamatan":"WARUNGKIARA","desa_kelurahan":"CIGOMBONG","rt_rw":"-","phone":"089665411050","address":"PONDOK SATE MARANGGI PAK AJO"},{"id":1422,"name":"NENG SRI ANDRIANI","amount":0,"area":"BC 3","status":"pending","created_at":"2026-09-26T01:10:07.000000Z","updated_at":"2026-09-26T01:10:07.000000Z","paket":"INTERNET HEBAT 20 MBPS","register_date":"2026-09-25","status_pelanggan":"Booking","suspend_start_date":null,"suspend_end_date":null,"stop_date":null,"alamat":"KP. BAEUD RT 04\/04 WARUNGKIARA","last_paid_date":null,"base_amount":130000,"last_paid_by":null,"promise_date":null,"prorata_amount":null,"sales_id":9,"coordinate":"-6.983496,106.702093","foto_ktp":"ktp\/cByN4ai9WZAQzwySGw6kcRuEC9WNNgAZTXgNRYUd.jpg","installation_fee":120000,"no_wa":"+62 857-2372-4300","is_partial_payment":0,"keterangan_status":null,"kecamatan":"WARUNGKIARA","desa_kelurahan":"KP. BAEUD","rt_rw":"04\/04","phone":"+62 857-2372-4300","address":"KP. BAEUD RT 04\/04 WARUNGKIARA"},{"id":1423,"name":"SRI WAHYU KURNIAWATI","amount":0,"area":"BC 3","status":"pending","created_at":"2026-09-26T01:14:41.000000Z","updated_at":"2026-09-26T01:14:41.000000Z","paket":"INTERNET HEBAT 20 MBPS","register_date":"2026-09-25","status_pelanggan":"Booking","suspend_start_date":null,"suspend_end_date":null,"stop_date":null,"alamat":"KP. BAEUD RT 04\/04 WARUNGKIARA","last_paid_date":null,"base_amount":130000,"last_paid_by":null,"promise_date":null,"prorata_amount":null,"sales_id":9,"coordinate":"-6.9834117, 106.7018883","foto_ktp":"ktp\/xQesRNsudgTc94deYZD4K8FAN51UFs51tkUDEqC1.jpg","installation_fee":0,"no_wa":"085862684998","is_partial_payment":0,"keterangan_status":null,"kecamatan":"WARUNGKIARA","desa_kelurahan":"KP. BAEUD","rt_rw":"04\/04","phone":"085862684998","address":"KP. BAEUD RT 04\/04 WARUNGKIARA"},{"id":1424,"name":"PUTRI DWI ROSTIJUL YANIS","amount":0,"area":"Gratis BC 3","status":"pending","created_at":"2026-09-26T05:42:28.000000Z","updated_at":"2026-09-26T05:42:28.000000Z","paket":"INTERNET HEBAT 20 MBPS","register_date":"2026-09-26","status_pelanggan":"Booking","suspend_start_date":null,"suspend_end_date":null,"stop_date":null,"alamat":"jln cigombong deket puskesmas warung Kiara","last_paid_date":null,"base_amount":130000,"last_paid_by":null,"promise_date":null,"prorata_amount":null,"sales_id":23,"coordinate":"6.9757649106.7225356","foto_ktp":"ktp\/PLrtXb49Lf3V6IlR0Qz8FSP2K3cM01fvQWAuCVfd.jpg","installation_fee":null,"no_wa":"085723687445","is_partial_payment":0,"keterangan_status":null,"kecamatan":"Kp cigombong","desa_kelurahan":"warung Kiara","rt_rw":"03\/07","phone":"085723687445","address":"jln cigombong deket puskesmas warung Kiara"},{"id":1425,"name":"KARINA","amount":0,"area":"BC 3","status":"pending","created_at":"2026-09-26T07:45:10.000000Z","updated_at":"2026-09-26T07:45:10.000000Z","paket":"INTERNET HEBAT 20 MBPS","register_date":"2026-09-25","status_pelanggan":"Booking","suspend_start_date":null,"suspend_end_date":null,"stop_date":null,"alamat":"Kp Cilimus rt04\/rw01 Desa Tarisi Kec Warungkiara Kab Sukabumi","last_paid_date":null,"base_amount":130000,"last_paid_by":null,"promise_date":null,"prorata_amount":null,"sales_id":15,"coordinate":"-7.003215,106.695030","foto_ktp":"ktp\/mcddmwjI50HkTkmUeFOkK3R2pozOwN9jgVbt0wlX.jpg","installation_fee":0,"no_wa":"085723725148","is_partial_payment":0,"keterangan_status":null,"kecamatan":"Warungkiara","desa_kelurahan":"Tarisi","rt_rw":"rt04\/rw01","phone":"085723725148","address":"Kp Cilimus rt04\/rw01 Desa Tarisi Kec Warungkiara Kab Sukabumi"},{"id":1426,"name":"LANI SUHARDINI","amount":0,"area":"BC 3","status":"pending","created_at":"2026-09-26T14:33:44.000000Z","updated_at":"2026-09-26T14:33:44.000000Z","paket":"INTERNET HEBAT 20 MBPS","register_date":"2026-09-26","status_pelanggan":"Booking","suspend_start_date":null,"suspend_end_date":null,"stop_date":null,"alamat":"kp . cikembang , desa Bantargadung","last_paid_date":null,"base_amount":130000,"last_paid_by":null,"promise_date":null,"prorata_amount":null,"sales_id":18,"coordinate":"-6.998470, 106.717695","foto_ktp":"ktp\/xoIbwT7LPvbu5OfFL23bPZArnJNU8q4TebvQb7AX.jpg","installation_fee":120000,"no_wa":"+62 856-2450-1930","is_partial_payment":0,"keterangan_status":null,"kecamatan":"BANTARGADUNG","desa_kelurahan":"BANTARGADUNG","rt_rw":"003\/007","phone":"+62 856-2450-1930","address":"kp . cikembang , desa Bantargadung"},{"id":1427,"name":"ATIK SUMARNI","amount":0,"area":"BC 3","status":"pending","created_at":"2026-09-26T14:39:20.000000Z","updated_at":"2026-09-26T14:39:20.000000Z","paket":"INTERNET HEBAT 20 MBPS","register_date":"2026-09-26","status_pelanggan":"Booking","suspend_start_date":null,"suspend_end_date":null,"stop_date":null,"alamat":"kp ciboyong desa boyongsari kec.bantargadubg","last_paid_date":null,"base_amount":130000,"last_paid_by":null,"promise_date":null,"prorata_amount":null,"sales_id":18,"coordinate":"-6.964040,106.706641","foto_ktp":"ktp\/xloOqVb2bs4t6WKQ6EMWSCkp2l93yreNpxeEJdHa.jpg","installation_fee":0,"no_wa":"085703678290","is_partial_payment":0,"keterangan_status":null,"kecamatan":"Warungkiara","desa_kelurahan":"boyong sari","rt_rw":"02\/03","phone":"085703678290","address":"kp ciboyong desa boyongsari kec.bantargadubg"},{"id":1428,"name":"ima maelani","amount":0,"area":"BC 3","status":"pending","created_at":"2026-09-26T14:41:22.000000Z","updated_at":"2026-09-26T14:41:22.000000Z","paket":"INTERNET HEBAT 20 MBPS","register_date":"2026-09-26","status_pelanggan":"Booking","suspend_start_date":null,"suspend_end_date":null,"stop_date":null,"alamat":null,"last_paid_date":null,"base_amount":130000,"last_paid_by":null,"promise_date":null,"prorata_amount":null,"sales_id":18,"coordinate":null,"foto_ktp":"ktp\/Mq8rzxvqeoWmI9dka3tjPp94t0UvFTNfRqMxuwxh.jpg","installation_fee":0,"no_wa":"+62 857-1730-3283","is_partial_payment":0,"keterangan_status":null,"kecamatan":"BANTARGADUNG","desa_kelurahan":"boyongsari","rt_rw":"02\/03","phone":"+62 857-1730-3283","address":"-"},{"id":1429,"name":"Norman widodo","amount":0,"area":"BC 3","status":"pending","created_at":"2026-09-27T02:06:41.000000Z","updated_at":"2026-09-27T02:06:41.000000Z","paket":"INTERNET HEBAT 20 MBPS","register_date":"2026-09-27","status_pelanggan":"Booking","suspend_start_date":null,"suspend_end_date":null,"stop_date":null,"alamat":"Jln pelabuhan ratu km 30","last_paid_date":null,"base_amount":130000,"last_paid_by":null,"promise_date":null,"prorata_amount":null,"sales_id":10,"coordinate":null,"foto_ktp":"ktp\/s4xH5HUz2hG6LbqmBSojUNESDChlHV1XMKUDqlqT.jpg","installation_fee":120000,"no_wa":"+62 896-5391-8601","is_partial_payment":0,"keterangan_status":null,"kecamatan":"Warungkiara","desa_kelurahan":"Warungkiara","rt_rw":"03\/07","phone":"+62 896-5391-8601","address":"Jln pelabuhan ratu km 30"},{"id":1430,"name":"Depi Ratna Juwarti","amount":180500,"area":"BC 3","status":"pending","created_at":"2026-09-27T02:09:32.000000Z","updated_at":"2026-09-27T13:34:34.000000Z","paket":"INTERNET HEBAT 50 MBPS","register_date":"2026-09-27","status_pelanggan":"Booking","suspend_start_date":null,"suspend_end_date":null,"stop_date":null,"alamat":"Perumahan babakan","last_paid_date":null,"base_amount":180500,"last_paid_by":null,"promise_date":null,"prorata_amount":24067,"sales_id":16,"coordinate":"-6.9877668,106.7033559","foto_ktp":null,"installation_fee":120000,"no_wa":"081572623456","is_partial_payment":0,"keterangan_status":null,"kecamatan":"Bantar gadung","desa_kelurahan":"Boyong sari","rt_rw":"01\/01","phone":"081572623456","address":"Perumahan babakan"},{"id":1431,"name":"ATI MARYATI","amount":0,"area":"BC 1","status":"pending","created_at":"2026-09-27T03:26:51.000000Z","updated_at":"2026-09-27T03:26:51.000000Z","paket":"INTERNET HEBAT 20 MBPS","register_date":"2026-09-27","status_pelanggan":"Booking","suspend_start_date":null,"suspend_end_date":null,"stop_date":null,"alamat":"Kp.Cipurut","last_paid_date":null,"base_amount":130000,"last_paid_by":null,"promise_date":null,"prorata_amount":null,"sales_id":6,"coordinate":"-6.996008,106.711472","foto_ktp":"ktp\/Mx16YiuaYRbZTmeczZf6T08USMHciw0OOFtysHbL.jpg","installation_fee":120000,"no_wa":"085863174480","is_partial_payment":0,"keterangan_status":null,"kecamatan":"Warungkiara","desa_kelurahan":"Sirnajaya","rt_rw":"03\/06","phone":"085863174480","address":"Kp.Cipurut"},{"id":1432,"name":"WAWAN A","amount":130000,"area":"BC 1","status":"pending","created_at":"2026-09-27T03:38:02.000000Z","updated_at":"2026-09-28T04:15:47.000000Z","paket":"INTERNET HEBAT 20 MBPS","register_date":"2026-09-27","status_pelanggan":"Booking","suspend_start_date":null,"suspend_end_date":null,"stop_date":null,"alamat":"Jl pasir cabe desa sirnajaya kec warungkiara","last_paid_date":null,"base_amount":130000,"last_paid_by":null,"promise_date":null,"prorata_amount":17333,"sales_id":29,"coordinate":"-6.999158,106.728479","foto_ktp":null,"installation_fee":120000,"no_wa":"085777018805","is_partial_payment":0,"keterangan_status":null,"kecamatan":"Warungkiara","desa_kelurahan":"Sirnajaya","rt_rw":"05\/03","phone":"085777018805","address":"Jl pasir cabe desa sirnajaya kec warungkiara"},{"id":1433,"name":"Maulana farijal mustopa","amount":0,"area":"BC 1","status":"pending","created_at":"2026-09-27T05:01:53.000000Z","updated_at":"2026-09-27T05:01:53.000000Z","paket":"INTERNET HEBAT 35 MBPS","register_date":"2026-09-27","status_pelanggan":"Booking","suspend_start_date":null,"suspend_end_date":null,"stop_date":null,"alamat":"Jl cilandak rt 01\/03","last_paid_date":null,"base_amount":166500,"last_paid_by":null,"promise_date":null,"prorata_amount":null,"sales_id":22,"coordinate":"-6.997589,106.717665","foto_ktp":"ktp\/jlaqaLu1qYRAm1vL0a0jaR6KKwXfVUDAyATrqnqP.jpg","installation_fee":null,"no_wa":"+62 856-0315-9551","is_partial_payment":0,"keterangan_status":null,"kecamatan":"Warungkiara","desa_kelurahan":"Sirnajaya","rt_rw":"01\/03","phone":"+62 856-0315-9551","address":"Jl cilandak rt 01\/03"},{"id":1434,"name":"Daman Huri","amount":130000,"area":"BC 1","status":"pending","created_at":"2026-09-27T11:23:03.000000Z","updated_at":"2026-09-27T11:29:33.000000Z","paket":"INTERNET HEBAT 20 MBPS","register_date":"2026-09-27","status_pelanggan":"Booking","suspend_start_date":null,"suspend_end_date":null,"stop_date":null,"alamat":"Kp. Cipurut","last_paid_date":null,"base_amount":130000,"last_paid_by":null,"promise_date":null,"prorata_amount":17333,"sales_id":17,"coordinate":"-6.995693 106.711615","foto_ktp":null,"installation_fee":120000,"no_wa":"085771090175","is_partial_payment":0,"keterangan_status":null,"kecamatan":"Warung Kiara","desa_kelurahan":"Sirnajaya","rt_rw":"003\/006","phone":"085771090175","address":"Kp. Cipurut"},{"id":1435,"name":"Susanti","amount":0,"area":"BC 1","status":"pending","created_at":"2026-09-27T11:28:20.000000Z","updated_at":"2026-09-27T11:28:20.000000Z","paket":"INTERNET HEBAT 20 MBPS","register_date":"2026-09-27","status_pelanggan":"Booking","suspend_start_date":null,"suspend_end_date":null,"stop_date":null,"alamat":"Kp. Kedung","last_paid_date":null,"base_amount":130000,"last_paid_by":null,"promise_date":null,"prorata_amount":null,"sales_id":17,"coordinate":"-7.010906 106.696759","foto_ktp":"ktp\/ts9I2j26N8jkaGy6Xj62JzydgLpotNJgM7dVHJsj.jpg","installation_fee":0,"no_wa":"088293544953","is_partial_payment":0,"keterangan_status":null,"kecamatan":"Warung Kiara","desa_kelurahan":"Hegarmanah","rt_rw":"02\/07","phone":"088293544953","address":"Kp. Kedung"},{"id":1436,"name":"Nurjanah","amount":130000,"area":"BC 1","status":"pending","created_at":"2026-09-27T12:43:57.000000Z","updated_at":"2026-09-27T12:48:45.000000Z","paket":"INTERNET HEBAT 20 MBPS","register_date":"2026-09-27","status_pelanggan":"Booking","suspend_start_date":null,"suspend_end_date":null,"stop_date":null,"alamat":"Jl Desa Bantarkalong","last_paid_date":null,"base_amount":130000,"last_paid_by":null,"promise_date":null,"prorata_amount":17333,"sales_id":27,"coordinate":"-7.011403,106.708604","foto_ktp":null,"installation_fee":120000,"no_wa":"+62 813-8428-9640","is_partial_payment":0,"keterangan_status":null,"kecamatan":"Warungkiara","desa_kelurahan":"Bantarkalong","rt_rw":"02\/06","phone":"+62 813-8428-9640","address":"Jl Desa Bantarkalong"},{"id":1437,"name":"Edi Rahmat","amount":0,"area":"BC 1","status":"pending","created_at":"2026-09-27T12:53:05.000000Z","updated_at":"2026-09-27T12:53:05.000000Z","paket":"INTERNET HEBAT 20 MBPS","register_date":"2026-09-27","status_pelanggan":"Booking","suspend_start_date":null,"suspend_end_date":null,"stop_date":null,"alamat":"Jl Desa Bantarkalong","last_paid_date":null,"base_amount":130000,"last_paid_by":null,"promise_date":null,"prorata_amount":null,"sales_id":27,"coordinate":"-7.010473,106.708963","foto_ktp":"ktp\/kH4osNzRRVURji6XnqihPMDffLloOEF4t1nb4gG3.jpg","installation_fee":0,"no_wa":"+62 888-0925-0670","is_partial_payment":0,"keterangan_status":null,"kecamatan":"Warungkiara","desa_kelurahan":"Bantarkalong","rt_rw":"02\/06","phone":"+62 888-0925-0670","address":"Jl Desa Bantarkalong"},{"id":1438,"name":"Etih","amount":0,"area":"BC 1","status":"pending","created_at":"2026-09-27T12:57:55.000000Z","updated_at":"2026-09-27T12:57:55.000000Z","paket":"INTERNET HEBAT 20 MBPS","register_date":"2026-09-27","status_pelanggan":"Booking","suspend_start_date":null,"suspend_end_date":null,"stop_date":null,"alamat":"Jl Hegarmanah\/kaum","last_paid_date":null,"base_amount":130000,"last_paid_by":null,"promise_date":null,"prorata_amount":null,"sales_id":27,"coordinate":"-7.006418,106.699624","foto_ktp":"ktp\/097V1exxCRKCUWN45umHnmUGEgH30gfT1isvzYFh.jpg","installation_fee":0,"no_wa":"085717538481","is_partial_payment":0,"keterangan_status":null,"kecamatan":"Warungkiara","desa_kelurahan":"Hegarmanah","rt_rw":"002\/006","phone":"085717538481","address":"Jl Hegarmanah\/kaum"},{"id":1439,"name":"Hamdan Lamdani Syam","amount":0,"area":"BC 1","status":"pending","created_at":"2026-09-27T13:03:06.000000Z","updated_at":"2026-09-27T13:03:06.000000Z","paket":"INTERNET HEBAT 20 MBPS","register_date":"2026-09-27","status_pelanggan":"Booking","suspend_start_date":null,"suspend_end_date":null,"stop_date":null,"alamat":"Jl Hegarmanah\/Kedung","last_paid_date":null,"base_amount":130000,"last_paid_by":null,"promise_date":null,"prorata_amount":null,"sales_id":27,"coordinate":"-7.012398,106.696719","foto_ktp":"ktp\/QF9HjLvTpXMiScDMteQGI8H9Um2K0eH1sVQpkV4F.jpg","installation_fee":0,"no_wa":"+62 857-7066-3830","is_partial_payment":0,"keterangan_status":null,"kecamatan":"Warungkiara","desa_kelurahan":"Hegarmanah","rt_rw":"003\/007","phone":"+62 857-7066-3830","address":"Jl Hegarmanah\/Kedung"},{"id":1440,"name":"IIN","amount":130000,"area":"BC 1","status":"pending","created_at":"2026-09-27T13:06:06.000000Z","updated_at":"2026-09-27T13:06:16.000000Z","paket":"INTERNET HEBAT 20 MBPS","register_date":"2026-09-27","status_pelanggan":"Booking","suspend_start_date":null,"suspend_end_date":null,"stop_date":null,"alamat":"Kp Citra asih rt002\/rw006","last_paid_date":null,"base_amount":130000,"last_paid_by":null,"promise_date":null,"prorata_amount":17333,"sales_id":15,"coordinate":"-6.998805, 106.715008","foto_ktp":null,"installation_fee":120000,"no_wa":"+966535305418","is_partial_payment":0,"keterangan_status":null,"kecamatan":"Warungkiara","desa_kelurahan":"Sirnajaya","rt_rw":"02\/06","phone":"+966535305418","address":"Kp Citra asih rt002\/rw006"},{"id":1441,"name":"HERTI SUSILAWATI","amount":0,"area":"BC 1","status":"pending","created_at":"2026-09-27T13:06:20.000000Z","updated_at":"2026-09-27T13:06:20.000000Z","paket":"INTERNET HEBAT 20 MBPS","register_date":"2026-09-27","status_pelanggan":"Booking","suspend_start_date":null,"suspend_end_date":null,"stop_date":null,"alamat":"Kp.Kedung RT02\/07","last_paid_date":null,"base_amount":130000,"last_paid_by":null,"promise_date":null,"prorata_amount":null,"sales_id":6,"coordinate":"-7.0103615, 106.6964093","foto_ktp":"ktp\/ImA3TLNzzqB50vLk2W0ZLjmSXvuHkaLC2RIAEIuP.jpg","installation_fee":0,"no_wa":"088228664552","is_partial_payment":0,"keterangan_status":null,"kecamatan":"Warungkiara","desa_kelurahan":"Hegarmanah","rt_rw":"02\/07","phone":"088228664552","address":"Kp.Kedung RT02\/07"},{"id":1442,"name":"Abdul rohim","amount":0,"area":"BC 1","status":"pending","created_at":"2026-09-27T13:20:36.000000Z","updated_at":"2026-09-27T13:20:36.000000Z","paket":"INTERNET HEBAT 20 MBPS","register_date":"2026-09-27","status_pelanggan":"Booking","suspend_start_date":null,"suspend_end_date":null,"stop_date":null,"alamat":"JL.KEDUNG","last_paid_date":null,"base_amount":130000,"last_paid_by":null,"promise_date":null,"prorata_amount":null,"sales_id":22,"coordinate":"-7.0106138, 106.6965657","foto_ktp":"ktp\/cofEN5FT84q0rwlrLw90viHzdBYLTI69GUzeFppv.jpg","installation_fee":null,"no_wa":"+62 881-0127-62920","is_partial_payment":0,"keterangan_status":null,"kecamatan":"WARUNGKIARA","desa_kelurahan":"HEGARMANAH","rt_rw":"02\/07","phone":"+62 881-0127-62920","address":"JL.KEDUNG"},{"id":1443,"name":"NURMA MAULANI","amount":0,"area":"BC 1","status":"pending","created_at":"2026-09-27T13:24:43.000000Z","updated_at":"2026-09-27T13:24:43.000000Z","paket":"INTERNET HEBAT 20 MBPS","register_date":"2026-09-27","status_pelanggan":"Booking","suspend_start_date":null,"suspend_end_date":null,"stop_date":null,"alamat":"Kp Ciseureuh rt003\/rw003 Desa Sirnajaya Kec Warungkiara Kab Sukabumi","last_paid_date":null,"base_amount":130000,"last_paid_by":null,"promise_date":null,"prorata_amount":null,"sales_id":15,"coordinate":"\ud83d\udccd -7.00123514055639, 106.722659119239","foto_ktp":"ktp\/rcTOqwvXQPCcEKTa08H8FGO7s7LBGxYeEwVtcyNG.jpg","installation_fee":0,"no_wa":"085863346544","is_partial_payment":0,"keterangan_status":null,"kecamatan":"warungkiara","desa_kelurahan":"sirnajaya","rt_rw":"03\/03","phone":"085863346544","address":"Kp Ciseureuh rt003\/rw003 Desa Sirnajaya Kec Warungkiara Kab Sukabumi"},{"id":1444,"name":"ANGGA MAULANA YUSUF","amount":0,"area":"BC 1","status":"pending","created_at":"2026-09-27T13:26:37.000000Z","updated_at":"2026-09-27T13:26:37.000000Z","paket":"INTERNET HEBAT 20 MBPS","register_date":"2026-09-27","status_pelanggan":"Booking","suspend_start_date":null,"suspend_end_date":null,"stop_date":null,"alamat":"JL. CILANDAK BELAKANG AGEN GAS YUDI DOYOK","last_paid_date":null,"base_amount":130000,"last_paid_by":null,"promise_date":null,"prorata_amount":null,"sales_id":22,"coordinate":"-7.000026, 106.717772","foto_ktp":"ktp\/xqmJLG80v594LlpKQPgPNWFdlFHtx3xZFfpsT3Hr.jpg","installation_fee":null,"no_wa":"+62 882-9449-5454","is_partial_payment":0,"keterangan_status":null,"kecamatan":"WARUNGKIARA","desa_kelurahan":"SIRNAJAYA","rt_rw":"03\/02","phone":"+62 882-9449-5454","address":"JL. CILANDAK BELAKANG AGEN GAS YUDI DOYOK"},{"id":1445,"name":"SARMILAH","amount":0,"area":"BC 2","status":"pending","created_at":"2026-09-27T13:26:55.000000Z","updated_at":"2026-09-27T13:26:55.000000Z","paket":"INTERNET HEBAT 20 MBPS","register_date":"2026-09-27","status_pelanggan":"Booking","suspend_start_date":null,"suspend_end_date":null,"stop_date":null,"alamat":"Kp Cilulumpang rt002\/rw008 Desa Kertamukti Kec Warungkiara Kab Sukabumi","last_paid_date":null,"base_amount":130000,"last_paid_by":null,"promise_date":null,"prorata_amount":null,"sales_id":15,"coordinate":"-7.001917, 106.743286","foto_ktp":"ktp\/8e7r8k5lEy1poDiIHAv5P1zN1CgFqFz03cjV6JF7.jpg","installation_fee":0,"no_wa":"0858-1030-5066","is_partial_payment":0,"keterangan_status":null,"kecamatan":"warungkiara","desa_kelurahan":"kertamukti","rt_rw":"02\/08","phone":"0858-1030-5066","address":"Kp Cilulumpang rt002\/rw008 Desa Kertamukti Kec Warungkiara Kab Sukabumi"},{"id":1446,"name":"MIA HANDAYANI","amount":0,"area":"BC 1","status":"pending","created_at":"2026-09-27T13:29:10.000000Z","updated_at":"2026-09-27T13:29:10.000000Z","paket":"INTERNET HEBAT 20 MBPS","register_date":"2026-09-27","status_pelanggan":"Booking","suspend_start_date":null,"suspend_end_date":null,"stop_date":null,"alamat":"Kp Ciburial ,RT 02 RW 08 Desa Bantarkalong Kec Warungkiara","last_paid_date":null,"base_amount":130000,"last_paid_by":null,"promise_date":null,"prorata_amount":null,"sales_id":15,"coordinate":"-7.0195389757664, 106.719460779679","foto_ktp":"ktp\/1WnSE9AGV06ZWs4uuQQ93HsGg8pbgyIZOlFWRWFb.jpg","installation_fee":0,"no_wa":"+62 856-9210-1174","is_partial_payment":0,"keterangan_status":null,"kecamatan":"warungkiara","desa_kelurahan":"bantarkalong","rt_rw":"02\/08","phone":"+62 856-9210-1174","address":"Kp Ciburial ,RT 02 RW 08 Desa Bantarkalong Kec Warungkiara"},{"id":1447,"name":"MULYADI","amount":0,"area":"BC 3","status":"pending","created_at":"2026-09-27T13:30:28.000000Z","updated_at":"2026-09-27T13:30:28.000000Z","paket":"INTERNET HEBAT 20 MBPS","register_date":"2026-09-27","status_pelanggan":"Booking","suspend_start_date":null,"suspend_end_date":null,"stop_date":null,"alamat":"Kp Nyomplong rt001\/rw003 Desa Hegarmanah Kec Warungkiara Kab Sukabumi","last_paid_date":null,"base_amount":130000,"last_paid_by":null,"promise_date":null,"prorata_amount":null,"sales_id":15,"coordinate":"-7.006183, 106.682346","foto_ktp":"ktp\/88SypcHBSD8lBverlCkOkgGyxpwuNVEcgtVXzmXo.jpg","installation_fee":0,"no_wa":"+62 831-9836-4610","is_partial_payment":0,"keterangan_status":null,"kecamatan":"warungkiara","desa_kelurahan":"hegamanah","rt_rw":"01\/03","phone":"+62 831-9836-4610","address":"Kp Nyomplong rt001\/rw003 Desa Hegarmanah Kec Warungkiara Kab Sukabumi"},{"id":1448,"name":"YULI","amount":0,"area":"BC 1","status":"pending","created_at":"2026-09-27T13:31:38.000000Z","updated_at":"2026-09-27T13:31:38.000000Z","paket":"INTERNET HEBAT 20 MBPS","register_date":"2026-09-27","status_pelanggan":"Booking","suspend_start_date":null,"suspend_end_date":null,"stop_date":null,"alamat":"Kp Kedung rt002\/rw007 Desa hegarmanah Kec Warungkiara Kab Sukabumi","last_paid_date":null,"base_amount":130000,"last_paid_by":null,"promise_date":null,"prorata_amount":null,"sales_id":15,"coordinate":"-7.0103317, 106.6965617","foto_ktp":"ktp\/Z9QQzlmA1APjCgsSILbVkUjRddTMkUqwZpmWe6L1.jpg","installation_fee":0,"no_wa":"081585976220","is_partial_payment":0,"keterangan_status":null,"kecamatan":null,"desa_kelurahan":"hegarmanah","rt_rw":"02\/07","phone":"081585976220","address":"Kp Kedung rt002\/rw007 Desa hegarmanah Kec Warungkiara Kab Sukabumi"},{"id":1449,"name":"TUTI","amount":0,"area":"BC 3","status":"pending","created_at":"2026-09-27T13:38:48.000000Z","updated_at":"2026-09-27T13:38:48.000000Z","paket":"INTERNET HEBAT 20 MBPS","register_date":"2026-09-27","status_pelanggan":"Booking","suspend_start_date":null,"suspend_end_date":null,"stop_date":null,"alamat":"perumahan babakan","last_paid_date":null,"base_amount":130000,"last_paid_by":null,"promise_date":null,"prorata_amount":null,"sales_id":16,"coordinate":"-6.9877318, 106.7027344","foto_ktp":"ktp\/kZz3DG8wrLZW9bU0TSJikdHawoPOnYiCUd0mKd9M.jpg","installation_fee":120000,"no_wa":"088976381435","is_partial_payment":0,"keterangan_status":null,"kecamatan":"WARUNGKIARA","desa_kelurahan":"WARUNGKIARA","rt_rw":"03\/02","phone":"088976381435","address":"perumahan babakan"},{"id":1450,"name":"Irmawati","amount":0,"area":"BC 1","status":"pending","created_at":"2026-09-27T14:02:59.000000Z","updated_at":"2026-09-27T14:02:59.000000Z","paket":"INTERNET HEBAT 20 MBPS","register_date":"2026-09-27","status_pelanggan":"Booking","suspend_start_date":null,"suspend_end_date":null,"stop_date":null,"alamat":"KP,CIBODAS","last_paid_date":null,"base_amount":130000,"last_paid_by":null,"promise_date":null,"prorata_amount":null,"sales_id":16,"coordinate":"-7.0156434, 106.717917","foto_ktp":"ktp\/YHHIbngnOIepuaT9L8OP7CkzYwecE8kvQg9RRVyC.jpg","installation_fee":120000,"no_wa":"085863149065","is_partial_payment":0,"keterangan_status":null,"kecamatan":"warungkiara","desa_kelurahan":"Bantarkalong","rt_rw":"02\/07","phone":"085863149065","address":"KP,CIBODAS"},{"id":1451,"name":"Maya","amount":0,"area":"BC 1","status":"pending","created_at":"2026-09-27T14:12:37.000000Z","updated_at":"2026-09-27T14:12:37.000000Z","paket":"INTERNET HEBAT 20 MBPS","register_date":"2026-09-27","status_pelanggan":"Booking","suspend_start_date":null,"suspend_end_date":null,"stop_date":null,"alamat":"KP,CITRA ASIH","last_paid_date":null,"base_amount":130000,"last_paid_by":null,"promise_date":null,"prorata_amount":null,"sales_id":16,"coordinate":"-6.9985827, 106.7149938","foto_ktp":"ktp\/dUW7NIBChMzEL0R0vBjfIP6iZ7Oyu8TGUzSV2u8q.jpg","installation_fee":120000,"no_wa":"085864518265","is_partial_payment":0,"keterangan_status":null,"kecamatan":"warungkiara","desa_kelurahan":"Girijaya","rt_rw":"02\/06","phone":"085864518265","address":"KP,CITRA ASIH"},{"id":1452,"name":"Setyo Pratikno","amount":0,"area":"BC 1","status":"pending","created_at":"2026-09-27T14:16:58.000000Z","updated_at":"2026-09-27T14:16:58.000000Z","paket":"INTERNET HEBAT 20 MBPS","register_date":"2026-09-27","status_pelanggan":"Booking","suspend_start_date":null,"suspend_end_date":null,"stop_date":null,"alamat":"KP.CITRA ASIH","last_paid_date":null,"base_amount":130000,"last_paid_by":null,"promise_date":null,"prorata_amount":null,"sales_id":16,"coordinate":"-6.9983655, 106.7154572","foto_ktp":"ktp\/jJ7WinpzAdHMcBHMscZ9Pn9TGt5aOm1Qh5Y6ff9t.jpg","installation_fee":120000,"no_wa":"085693239767","is_partial_payment":0,"keterangan_status":null,"kecamatan":"warungkiara","desa_kelurahan":"sirnajaya","rt_rw":"02\/06","phone":"085693239767","address":"KP.CITRA ASIH"},{"id":1453,"name":"Elis","amount":0,"area":"BC 1","status":"pending","created_at":"2026-09-27T14:23:40.000000Z","updated_at":"2026-09-27T14:23:40.000000Z","paket":"INTERNET HEBAT 20 MBPS","register_date":"2026-09-27","status_pelanggan":"Booking","suspend_start_date":null,"suspend_end_date":null,"stop_date":null,"alamat":"KP.CIAWI","last_paid_date":null,"base_amount":130000,"last_paid_by":null,"promise_date":null,"prorata_amount":null,"sales_id":16,"coordinate":"-7.0214351, 106.7022178","foto_ktp":"ktp\/S6SL0O6i1QYr7rWAlns6DMtr6j0Kgo73bTlUpIke.jpg","installation_fee":120000,"no_wa":"08818205747","is_partial_payment":0,"keterangan_status":null,"kecamatan":"warungkiara","desa_kelurahan":"Bantar kalong","rt_rw":"05\/04","phone":"08818205747","address":"KP.CIAWI"},{"id":1454,"name":"ENANG","amount":130000,"area":"BC 1","status":"pending","created_at":"2026-09-28T04:11:38.000000Z","updated_at":"2026-09-28T04:15:52.000000Z","paket":"INTERNET HEBAT 20 MBPS","register_date":"2026-09-27","status_pelanggan":"Booking","suspend_start_date":null,"suspend_end_date":null,"stop_date":null,"alamat":"Kp.ciseureuh pasir cabe RT.05\/03","last_paid_date":null,"base_amount":130000,"last_paid_by":null,"promise_date":null,"prorata_amount":17333,"sales_id":29,"coordinate":"-6.999913, 106.729071","foto_ktp":null,"installation_fee":120000,"no_wa":"088214336590","is_partial_payment":0,"keterangan_status":null,"kecamatan":"Warungkiara","desa_kelurahan":"Sirnajaya","rt_rw":"RT.05\/03","phone":"088214336590","address":"Kp.ciseureuh pasir cabe RT.05\/03"},{"id":1455,"name":"HENDRI","amount":130000,"area":"BC 1","status":"pending","created_at":"2026-09-28T04:15:11.000000Z","updated_at":"2026-09-28T04:15:42.000000Z","paket":"INTERNET HEBAT 20 MBPS","register_date":"2026-09-27","status_pelanggan":"Booking","suspend_start_date":null,"suspend_end_date":null,"stop_date":null,"alamat":"Kp.ciseureuh 05\/03 sirnajaya","last_paid_date":null,"base_amount":130000,"last_paid_by":null,"promise_date":null,"prorata_amount":17333,"sales_id":29,"coordinate":"-6.99947, 106.728776","foto_ktp":null,"installation_fee":120000,"no_wa":"085720954496","is_partial_payment":0,"keterangan_status":null,"kecamatan":"Warungkiara","desa_kelurahan":"Sirnajaya","rt_rw":"05\/03","phone":"085720954496","address":"Kp.ciseureuh 05\/03 sirnajaya"},{"id":1456,"name":"AJENG ELISA","amount":0,"area":"BC 1","status":"pending","created_at":"2026-09-28T04:18:34.000000Z","updated_at":"2026-09-28T04:18:34.000000Z","paket":"INTERNET HEBAT 20 MBPS","register_date":"2026-09-27","status_pelanggan":"Booking","suspend_start_date":null,"suspend_end_date":null,"stop_date":null,"alamat":"Kp.cilandak RT.02\/02","last_paid_date":null,"base_amount":130000,"last_paid_by":null,"promise_date":null,"prorata_amount":null,"sales_id":29,"coordinate":"-6.998308, 106.717953","foto_ktp":"ktp\/gCVNHg2UME7d6uPsZftes8K3TXSzHMDsOEC5nx0I.jpg","installation_fee":0,"no_wa":"085703173998","is_partial_payment":0,"keterangan_status":null,"kecamatan":"Warungkiara","desa_kelurahan":"Sirnajaya","rt_rw":"02\/02","phone":"085703173998","address":"Kp.cilandak RT.02\/02"},{"id":1457,"name":"SUFIYONO","amount":0,"area":"BC 1","status":"pending","created_at":"2026-09-28T04:29:12.000000Z","updated_at":"2026-09-28T04:29:12.000000Z","paket":"INTERNET HEBAT 20 MBPS","register_date":"2026-09-28","status_pelanggan":"Booking","suspend_start_date":null,"suspend_end_date":null,"stop_date":null,"alamat":"jl.kedung Rt.02\/07 hegarmanah warungkiara","last_paid_date":null,"base_amount":130000,"last_paid_by":null,"promise_date":null,"prorata_amount":null,"sales_id":29,"coordinate":"-7.010874, 106.696575","foto_ktp":"ktp\/WifiD4kRzHabwD9R5Rrs2LEieMkxaEcNPGQdzCf2.jpg","installation_fee":0,"no_wa":"082229495739","is_partial_payment":0,"keterangan_status":null,"kecamatan":"Warungkiara","desa_kelurahan":"Hegarmanah","rt_rw":"02\/07","phone":"082229495739","address":"jl.kedung Rt.02\/07 hegarmanah warungkiara"},{"id":1458,"name":"IYON","amount":0,"area":"BC 3","status":"pending","created_at":"2026-09-28T04:33:08.000000Z","updated_at":"2026-09-28T04:33:08.000000Z","paket":"INTERNET HEBAT 20 MBPS","register_date":"2026-09-25","status_pelanggan":"Booking","suspend_start_date":null,"suspend_end_date":null,"stop_date":null,"alamat":"SUKAMANAH","last_paid_date":null,"base_amount":130000,"last_paid_by":null,"promise_date":null,"prorata_amount":null,"sales_id":25,"coordinate":"-6.984185, 106.6931988","foto_ktp":"ktp\/M3k6NJKGJK4nGp6VhBXLF4TnC1n7qUb2L2FjDHgr.jpg","installation_fee":0,"no_wa":"085882551171","is_partial_payment":0,"keterangan_status":null,"kecamatan":"BANTARGADUNG","desa_kelurahan":"SUKAMANAH BANTARGADUNG","rt_rw":"004\/007","phone":"085882551171","address":"SUKAMANAH"},{"id":1459,"name":"SITI NENIH","amount":0,"area":"Gratis BC 3","status":"pending","created_at":"2026-09-28T04:37:05.000000Z","updated_at":"2026-09-28T04:37:05.000000Z","paket":"INTERNET HEBAT 20 MBPS","register_date":"2026-09-25","status_pelanggan":"Booking","suspend_start_date":null,"suspend_end_date":null,"stop_date":null,"alamat":"SUKAMANAH","last_paid_date":null,"base_amount":130000,"last_paid_by":null,"promise_date":null,"prorata_amount":null,"sales_id":25,"coordinate":"-6.9842117, 106.6937417","foto_ktp":"ktp\/WgT8c6nCu5Sy72SoH0jY2HRtGtSI4QIOSC9M3E6p.jpg","installation_fee":0,"no_wa":"088808911229","is_partial_payment":0,"keterangan_status":null,"kecamatan":"BANTARGADUNG","desa_kelurahan":"BANTARGADUNG","rt_rw":"004\/007","phone":"088808911229","address":"SUKAMANAH"},{"id":1460,"name":"Ziadatun nur","amount":0,"area":"BC 1","status":"pending","created_at":"2026-09-28T04:40:25.000000Z","updated_at":"2026-09-28T04:40:25.000000Z","paket":"INTERNET HEBAT 20 MBPS","register_date":"2026-09-28","status_pelanggan":"Booking","suspend_start_date":null,"suspend_end_date":null,"stop_date":null,"alamat":"Citra asih","last_paid_date":null,"base_amount":130000,"last_paid_by":null,"promise_date":null,"prorata_amount":null,"sales_id":10,"coordinate":null,"foto_ktp":"ktp\/1hM1e7pxulxYi9CMhCJqAa8TtAGZ5CssgujucJWv.jpg","installation_fee":120000,"no_wa":"085720886463","is_partial_payment":0,"keterangan_status":null,"kecamatan":"Warungkiara","desa_kelurahan":"Warungkiara","rt_rw":"02\/06","phone":"085720886463","address":"Citra asih"},{"id":1461,"name":"Kartilah","amount":0,"area":"BC 1","status":"pending","created_at":"2026-09-28T04:43:45.000000Z","updated_at":"2026-09-28T04:43:45.000000Z","paket":"INTERNET HEBAT 20 MBPS","register_date":"2026-09-28","status_pelanggan":"Booking","suspend_start_date":null,"suspend_end_date":null,"stop_date":null,"alamat":"Cilandak","last_paid_date":null,"base_amount":130000,"last_paid_by":null,"promise_date":null,"prorata_amount":null,"sales_id":10,"coordinate":null,"foto_ktp":"ktp\/QMMGUFGabw2OHnUQiCXnRqDdkLUIuSK1pxWqiHs2.jpg","installation_fee":120000,"no_wa":"088709787019","is_partial_payment":0,"keterangan_status":null,"kecamatan":"Warungkiara","desa_kelurahan":"Sirnajaya","rt_rw":"01\/05","phone":"088709787019","address":"Cilandak"},{"id":1462,"name":"NIA MILAWATI","amount":0,"area":"BC 3","status":"pending","created_at":"2026-09-28T04:56:43.000000Z","updated_at":"2026-09-28T04:56:43.000000Z","paket":"INTERNET HEBAT 20 MBPS","register_date":"2026-09-25","status_pelanggan":"Booking","suspend_start_date":null,"suspend_end_date":null,"stop_date":null,"alamat":"SUKAMANAH","last_paid_date":null,"base_amount":130000,"last_paid_by":null,"promise_date":null,"prorata_amount":null,"sales_id":25,"coordinate":"-6.9840355, 106.6927613","foto_ktp":"ktp\/WoAOIasNCuVONHiR7q1YAMKmllKsIauzxpRcSYeE.jpg","installation_fee":0,"no_wa":"083818789749","is_partial_payment":0,"keterangan_status":null,"kecamatan":"BANTARGADUNG","desa_kelurahan":"BANTARGADUNG","rt_rw":"004\/007","phone":"083818789749","address":"SUKAMANAH"},{"id":1463,"name":"Uus\/ica","amount":0,"area":"BC 3","status":"pending","created_at":"2026-09-28T07:18:59.000000Z","updated_at":"2026-09-28T07:18:59.000000Z","paket":"INTERNET HEBAT 20 MBPS","register_date":"2026-09-28","status_pelanggan":"Booking","suspend_start_date":null,"suspend_end_date":null,"stop_date":null,"alamat":"Jln pelabuhan ratu km 30 salagedang","last_paid_date":null,"base_amount":130000,"last_paid_by":null,"promise_date":null,"prorata_amount":null,"sales_id":10,"coordinate":null,"foto_ktp":"ktp\/yzpDMAwdHw2TQaKsw3ihI3T44Fb5liq8yVs0uq2X.jpg","installation_fee":120000,"no_wa":"083821214932","is_partial_payment":0,"keterangan_status":null,"kecamatan":"Warungkiara","desa_kelurahan":"Warungkiara","rt_rw":"02\/07","phone":"083821214932","address":"Jln pelabuhan ratu km 30 salagedang"},{"id":1464,"name":"Sumarna","amount":0,"area":"BC 3","status":"pending","created_at":"2026-09-28T07:25:04.000000Z","updated_at":"2026-09-28T07:25:04.000000Z","paket":"INTERNET HEBAT 20 MBPS","register_date":"2026-09-28","status_pelanggan":"Booking","suspend_start_date":null,"suspend_end_date":null,"stop_date":null,"alamat":"Jln pelabuhan ratu km 30 salagedang","last_paid_date":null,"base_amount":130000,"last_paid_by":null,"promise_date":null,"prorata_amount":null,"sales_id":10,"coordinate":null,"foto_ktp":"ktp\/Yi4HUfR11X9QTd5h4DAixaPozWBRUbdvsVuegotL.jpg","installation_fee":120000,"no_wa":"085811418116","is_partial_payment":0,"keterangan_status":null,"kecamatan":"Warungkiara","desa_kelurahan":"Warungkiara","rt_rw":"02\/07","phone":"085811418116","address":"Jln pelabuhan ratu km 30 salagedang"},{"id":1465,"name":"Herman suherman\/devi","amount":0,"area":"BC 1","status":"pending","created_at":"2026-09-28T07:28:47.000000Z","updated_at":"2026-09-28T07:28:47.000000Z","paket":"INTERNET HEBAT 20 MBPS","register_date":"2026-09-28","status_pelanggan":"Booking","suspend_start_date":null,"suspend_end_date":null,"stop_date":null,"alamat":"Jln cidadap cigadog","last_paid_date":null,"base_amount":130000,"last_paid_by":null,"promise_date":null,"prorata_amount":null,"sales_id":10,"coordinate":null,"foto_ktp":"ktp\/EagWVj4WqllW3IPOAKBhir9kl2igiFLuYtbPUZeK.jpg","installation_fee":120000,"no_wa":"0881011286190","is_partial_payment":0,"keterangan_status":null,"kecamatan":"Warungkiara","desa_kelurahan":"Bantarkalong","rt_rw":"02\/06","phone":"0881011286190","address":"Jln cidadap cigadog"},{"id":1466,"name":"Riski","amount":0,"area":"BC 2","status":"pending","created_at":"2026-09-29T01:00:19.000000Z","updated_at":"2026-09-29T01:00:19.000000Z","paket":"INTERNET HEBAT 20 MBPS","register_date":"2026-09-24","status_pelanggan":"Booking","suspend_start_date":null,"suspend_end_date":null,"stop_date":null,"alamat":"Cicatih sebelum klinik andre","last_paid_date":null,"base_amount":130000,"last_paid_by":null,"promise_date":null,"prorata_amount":null,"sales_id":24,"coordinate":"-6.958768, 106.774692","foto_ktp":"ktp\/68EBRik4WGjSSzJiJXAcBzrpU0T3dkFsmrlh2Kqi.jpg","installation_fee":120000,"no_wa":"+62 82121304028","is_partial_payment":0,"keterangan_status":null,"kecamatan":"Cikembar","desa_kelurahan":"Cimanggu","rt_rw":"05\/01","phone":"+62 82121304028","address":"Cicatih sebelum klinik andre"},{"id":1467,"name":"Ami suparmi","amount":0,"area":"BC 2","status":"pending","created_at":"2026-09-29T04:51:46.000000Z","updated_at":"2026-09-29T04:51:46.000000Z","paket":"INTERNET HEBAT 20 MBPS","register_date":"2026-09-29","status_pelanggan":"Booking","suspend_start_date":null,"suspend_end_date":null,"stop_date":null,"alamat":"Jl.sukamantri","last_paid_date":null,"base_amount":130000,"last_paid_by":null,"promise_date":null,"prorata_amount":null,"sales_id":22,"coordinate":"-6.963272,106.782029","foto_ktp":"ktp\/XE96QZg45zjKMN0lUwxuZ87WLCczlCRc86rCBCvT.jpg","installation_fee":null,"no_wa":"+62 815-7329-2198","is_partial_payment":0,"keterangan_status":null,"kecamatan":"Cikembar","desa_kelurahan":"Cikembar","rt_rw":"02\/08","phone":"+62 815-7329-2198","address":"Jl.sukamantri"},{"id":1468,"name":"Retna angraeni p","amount":0,"area":"BC 2","status":"pending","created_at":"2026-09-29T06:12:53.000000Z","updated_at":"2026-09-29T06:12:53.000000Z","paket":"INTERNET HEBAT 20 MBPS","register_date":"2026-09-29","status_pelanggan":"Booking","suspend_start_date":null,"suspend_end_date":null,"stop_date":null,"alamat":"Jln pelabuhan ratu cikembang","last_paid_date":null,"base_amount":130000,"last_paid_by":null,"promise_date":null,"prorata_amount":null,"sales_id":10,"coordinate":null,"foto_ktp":"ktp\/JgNguEpybbiPxHGsC8i7r4JPBOl7nAClZ816im6T.jpg","installation_fee":null,"no_wa":"085624034919","is_partial_payment":0,"keterangan_status":null,"kecamatan":"Cikembar","desa_kelurahan":"Cimanggu","rt_rw":"03\/06","phone":"085624034919","address":"Jln pelabuhan ratu cikembang"},{"id":1469,"name":"Endang Setiawan","amount":0,"area":"BC 2","status":"pending","created_at":"2026-09-29T06:16:53.000000Z","updated_at":"2026-09-29T06:16:53.000000Z","paket":"INTERNET HEBAT 20 MBPS","register_date":"2026-09-29","status_pelanggan":"Booking","suspend_start_date":null,"suspend_end_date":null,"stop_date":null,"alamat":"Jl pelabuhan 2\/Cikembang","last_paid_date":null,"base_amount":130000,"last_paid_by":null,"promise_date":null,"prorata_amount":null,"sales_id":27,"coordinate":"-6.9535933, 106.7722986","foto_ktp":"ktp\/ZToKheKDKwuR9ADOAhljEsyU2Tc2HRkDwmOD2u7B.jpg","installation_fee":0,"no_wa":"+62 831-9265-9445","is_partial_payment":0,"keterangan_status":null,"kecamatan":"Cikembar","desa_kelurahan":"Sukamulya","rt_rw":"004\/003","phone":"+62 831-9265-9445","address":"Jl pelabuhan 2\/Cikembang"},{"id":1470,"name":"EBAH YUSTIAH","amount":0,"area":"BC 2","status":"pending","created_at":"2026-09-29T06:20:07.000000Z","updated_at":"2026-09-29T06:20:07.000000Z","paket":"INTERNET HEBAT 20 MBPS","register_date":"2026-09-29","status_pelanggan":"Booking","suspend_start_date":null,"suspend_end_date":null,"stop_date":null,"alamat":"SUKAMANTRI","last_paid_date":null,"base_amount":130000,"last_paid_by":null,"promise_date":null,"prorata_amount":null,"sales_id":25,"coordinate":"-6.96668, 106.7810417","foto_ktp":"ktp\/EDBPB7GRyHvJ23Gvp7BuhOVNhQyIgAyIODLvd0Qg.jpg","installation_fee":0,"no_wa":"085591601541","is_partial_payment":0,"keterangan_status":null,"kecamatan":"CIKEMBAR","desa_kelurahan":"CIKEMBAR","rt_rw":"004\/008","phone":"085591601541","address":"SUKAMANTRI"},{"id":1471,"name":"Komalasari","amount":0,"area":"BC 2","status":"pending","created_at":"2026-09-29T06:20:09.000000Z","updated_at":"2026-09-29T06:20:09.000000Z","paket":"INTERNET HEBAT 20 MBPS","register_date":"2026-09-29","status_pelanggan":"Booking","suspend_start_date":null,"suspend_end_date":null,"stop_date":null,"alamat":"Jl Pelabuhan 2 \/Cikembang","last_paid_date":null,"base_amount":130000,"last_paid_by":null,"promise_date":null,"prorata_amount":null,"sales_id":27,"coordinate":"-6.9535933, 106.7722986","foto_ktp":"ktp\/98EjTCGeCg3aPlXA8eiwL4LsrvYh7P49TUr4xHvj.jpg","installation_fee":0,"no_wa":"+62 838-7421-9924","is_partial_payment":0,"keterangan_status":null,"kecamatan":"Cikembar","desa_kelurahan":"Sukamulya","rt_rw":"004\/003","phone":"+62 838-7421-9924","address":"Jl Pelabuhan 2 \/Cikembang"},{"id":1472,"name":"SEKAR PUTRY SURYANA","amount":0,"area":"BC 2","status":"pending","created_at":"2026-09-29T06:23:14.000000Z","updated_at":"2026-09-29T06:23:14.000000Z","paket":"INTERNET HEBAT 20 MBPS","register_date":"2026-09-29","status_pelanggan":"Booking","suspend_start_date":null,"suspend_end_date":null,"stop_date":null,"alamat":"SUKAMANTRI","last_paid_date":null,"base_amount":130000,"last_paid_by":null,"promise_date":null,"prorata_amount":null,"sales_id":25,"coordinate":"-6.9683259, 106.778466","foto_ktp":"ktp\/EGb1ri4ghBzHvFBIHfbYvtC4CghjmYM8nBCXOB7W.jpg","installation_fee":0,"no_wa":"082121773551","is_partial_payment":0,"keterangan_status":null,"kecamatan":"CIKEMBAR","desa_kelurahan":"CIKEMBAR","rt_rw":"004\/008","phone":"082121773551","address":"SUKAMANTRI"},{"id":1473,"name":"UJE SUDRAJAT","amount":130000,"area":"BC 2","status":"pending","created_at":"2026-09-29T06:24:42.000000Z","updated_at":"2026-09-29T06:26:34.000000Z","paket":"INTERNET HEBAT 20 MBPS","register_date":"2026-09-29","status_pelanggan":"Booking","suspend_start_date":null,"suspend_end_date":null,"stop_date":null,"alamat":"SUKAMANTRI","last_paid_date":null,"base_amount":130000,"last_paid_by":null,"promise_date":null,"prorata_amount":8667,"sales_id":25,"coordinate":"-6.96668, 106.7810417","foto_ktp":null,"installation_fee":120000,"no_wa":"0881022802114","is_partial_payment":0,"keterangan_status":null,"kecamatan":"CIKEMBAR","desa_kelurahan":"CIKEMBAR","rt_rw":"004\/008","phone":"0881022802114","address":"SUKAMANTRI"},{"id":1474,"name":"RAMDANI SUPARDI","amount":0,"area":"BC 2","status":"pending","created_at":"2026-09-29T10:35:40.000000Z","updated_at":"2026-09-29T10:35:40.000000Z","paket":"INTERNET HEBAT 20 MBPS","register_date":"2026-09-29","status_pelanggan":"Booking","suspend_start_date":null,"suspend_end_date":null,"stop_date":null,"alamat":"Kp Cikoneng","last_paid_date":null,"base_amount":130000,"last_paid_by":null,"promise_date":null,"prorata_amount":null,"sales_id":15,"coordinate":"-6.947096,106.756780","foto_ktp":"ktp\/1SYIYn4wFfW9XncCWNBKT1OktZ0ndqboAaDJRKzG.jpg","installation_fee":0,"no_wa":"+62 856-2487-5402","is_partial_payment":0,"keterangan_status":null,"kecamatan":"Warungkiara","desa_kelurahan":"Ubrug","rt_rw":"001\/018","phone":"+62 856-2487-5402","address":"Kp Cikoneng"},{"id":1475,"name":"NURHAYATI","amount":0,"area":"BC 1","status":"pending","created_at":"2026-09-29T13:05:05.000000Z","updated_at":"2026-09-29T13:05:05.000000Z","paket":"INTERNET HEBAT 20 MBPS","register_date":"2026-09-27","status_pelanggan":"Booking","suspend_start_date":null,"suspend_end_date":null,"stop_date":null,"alamat":"KP. LIO RT 01\/01","last_paid_date":null,"base_amount":130000,"last_paid_by":null,"promise_date":null,"prorata_amount":null,"sales_id":9,"coordinate":"6.994236,106.719455","foto_ktp":"ktp\/8qEGbzsIfcUPGGijCrBJ3ZN0wZYSqxFVBxr6EWyL.jpg","installation_fee":null,"no_wa":"085872312872","is_partial_payment":0,"keterangan_status":null,"kecamatan":"Warungkiara","desa_kelurahan":"Sirnajaya","rt_rw":"01\/01","phone":"085872312872","address":"KP. LIO RT 01\/01"},{"id":1476,"name":"SERLI EKASARI","amount":0,"area":"BC 2","status":"pending","created_at":"2026-09-29T13:08:49.000000Z","updated_at":"2026-09-29T13:08:49.000000Z","paket":"INTERNET HEBAT 20 MBPS","register_date":"2026-09-29","status_pelanggan":"Booking","suspend_start_date":null,"suspend_end_date":null,"stop_date":null,"alamat":"KP. CIKONENG RT 01\/016 UBRUG","last_paid_date":null,"base_amount":130000,"last_paid_by":null,"promise_date":null,"prorata_amount":null,"sales_id":9,"coordinate":"6.947998,106.754351","foto_ktp":"ktp\/pIFwSYSY9ru29IyK9dGgoSAGdLa6cwgvQxFCKT4l.jpg","installation_fee":0,"no_wa":"+62 857-1729-7947","is_partial_payment":0,"keterangan_status":null,"kecamatan":"Warungkiara","desa_kelurahan":"Ubrug","rt_rw":"01\/016","phone":"+62 857-1729-7947","address":"KP. CIKONENG RT 01\/016 UBRUG"},{"id":1477,"name":"AJIS SUKMANA","amount":0,"area":"BC 2","status":"pending","created_at":"2026-09-29T13:14:38.000000Z","updated_at":"2026-09-29T13:14:38.000000Z","paket":"INTERNET HEBAT 20 MBPS","register_date":"2026-09-29","status_pelanggan":"Booking","suspend_start_date":null,"suspend_end_date":null,"stop_date":null,"alamat":"KP. CIKONENG RT 03\/017 Ubrug","last_paid_date":null,"base_amount":130000,"last_paid_by":null,"promise_date":null,"prorata_amount":null,"sales_id":9,"coordinate":"6.948040,106.754945","foto_ktp":"ktp\/tFnpgfF6OX4a2KD20Sbjq6Tk0McI4ZhJifai1FWy.jpg","installation_fee":0,"no_wa":"+62 857-1881-9406","is_partial_payment":0,"keterangan_status":null,"kecamatan":"Warungkiara","desa_kelurahan":"Ubrug","rt_rw":"03\/017","phone":"+62 857-1881-9406","address":"KP. CIKONENG RT 03\/017 Ubrug"},{"id":1478,"name":"Regi sugandi","amount":0,"area":"BC 1","status":"pending","created_at":"2026-09-29T13:36:47.000000Z","updated_at":"2026-09-29T13:36:47.000000Z","paket":"INTERNET HEBAT 20 MBPS","register_date":"2026-09-29","status_pelanggan":"Booking","suspend_start_date":null,"suspend_end_date":null,"stop_date":null,"alamat":"jalan Cilandak kp pojok","last_paid_date":null,"base_amount":130000,"last_paid_by":null,"promise_date":null,"prorata_amount":null,"sales_id":18,"coordinate":"-7.000938,106.716274","foto_ktp":"ktp\/hVKLhtNuBPpklMSMZSgxLol05C0ZPBoZfwaVodJn.jpg","installation_fee":120000,"no_wa":"+62 881-8207-719","is_partial_payment":0,"keterangan_status":null,"kecamatan":"Warungkiara","desa_kelurahan":"sirnajaya","rt_rw":"04\/05","phone":"+62 881-8207-719","address":"jalan Cilandak kp pojok"},{"id":1479,"name":"WATI","amount":130000,"area":"BC 2","status":"pending","created_at":"2026-09-30T04:21:20.000000Z","updated_at":"2026-09-30T13:37:08.000000Z","paket":"INTERNET HEBAT 20 MBPS","register_date":"2026-09-29","status_pelanggan":"Booking","suspend_start_date":null,"suspend_end_date":null,"stop_date":null,"alamat":"Kp.Sukamantri RT 05\/08 Desa Cikembar kec. Cikembar","last_paid_date":null,"base_amount":130000,"last_paid_by":null,"promise_date":null,"prorata_amount":8667,"sales_id":6,"coordinate":"-6.966621, 106.779527","foto_ktp":null,"installation_fee":120000,"no_wa":"081546780870","is_partial_payment":0,"keterangan_status":null,"kecamatan":"Cikembar","desa_kelurahan":"Cikembar","rt_rw":"RT05\/08","phone":"081546780870","address":"Kp.Sukamantri RT 05\/08 Desa Cikembar kec. Cikembar"},{"id":1480,"name":"IIS SUWANTI","amount":130000,"area":"BC 2","status":"pending","created_at":"2026-09-30T04:24:13.000000Z","updated_at":"2026-09-30T13:37:00.000000Z","paket":"INTERNET HEBAT 20 MBPS","register_date":"2026-09-29","status_pelanggan":"Booking","suspend_start_date":null,"suspend_end_date":null,"stop_date":null,"alamat":"Kp.Sukamantri RT04\/08 Desa Cikembar Kec.Cikembar","last_paid_date":null,"base_amount":130000,"last_paid_by":null,"promise_date":null,"prorata_amount":8667,"sales_id":6,"coordinate":"-6.965895, 106.7819169","foto_ktp":null,"installation_fee":120000,"no_wa":"085863464016","is_partial_payment":0,"keterangan_status":null,"kecamatan":"Cikembar","desa_kelurahan":"Cikembar","rt_rw":"04\/08","phone":"085863464016","address":"Kp.Sukamantri RT04\/08 Desa Cikembar Kec.Cikembar"},{"id":1481,"name":"IRMA SUSILAWATI","amount":130000,"area":"BC 2","status":"pending","created_at":"2026-09-30T04:26:59.000000Z","updated_at":"2026-09-30T13:36:37.000000Z","paket":"INTERNET HEBAT 20 MBPS","register_date":"2026-09-29","status_pelanggan":"Booking","suspend_start_date":null,"suspend_end_date":null,"stop_date":null,"alamat":"Kp.Pasir gede RT 07\/03 Desa Cimanggu Kec.Cikembar","last_paid_date":null,"base_amount":130000,"last_paid_by":null,"promise_date":null,"prorata_amount":8667,"sales_id":6,"coordinate":"-6.9535933, 106.7722986","foto_ktp":null,"installation_fee":120000,"no_wa":"085720705103","is_partial_payment":0,"keterangan_status":null,"kecamatan":"Cikembar","desa_kelurahan":"Cikembar","rt_rw":"07\/03","phone":"085720705103","address":"Kp.Pasir gede RT 07\/03 Desa Cimanggu Kec.Cikembar"}]
